{
  "status": "SUCCESS",
  "result": {
    "productId": "#productId#"
  }
}
