{
  "status": "ERROR",
  "result": {
    "errors": [
      {
        "errorCode": "FIELD_VALIDATION_ERROR",
        "errorMessage": "Scheduled date must be in the future"
      }
    ]
  }
}
