{
  "status": "SUCCESS",
  "result": {
    "productId": "#productId#",
    "productName": null,
    "productDesc": null,
    "price": 0
  }
}