{
  "status": "ERROR",
  "result": {
    "errors": [
      {
        "errorCode": "FIELD_VALIDATION_ERROR",
        "errorMessage": "Product Id is invalid"
      }
    ]
  }
}
