{
  "status": "ERROR",
  "result": {
    "error": {
      "errorCode": "FIELD_VALIDATION_ERROR",
      "errorMessage": "productId is required."
    }
  }
}
